

PS C:\Users\yunan> mkdir kadai


    ディレクトリ: C:\Users\yunan


Mode                 LastWriteTime         Length Name
----                 -------------         ------ ----
d-----        2025/10/25     10:37                kadai


PS C:\Users\yunan> cd kadai
PS C:\Users\yunan\kadai> git init git_challenge
Initialized empty Git repository in C:/Users/yunan/kadai/git_challenge/.git/

PS C:\Users\yunan\kadai> cd git_challenge
PS C:\Users\yunan\kadai\git_challenge> git add hello_world.txt
warning: in the working copy of 'hello_world.txt', CRLF will be replaced by LF the next time Git touches it
PS C:\Users\yunan\kadai\git_challenge> git commit -m "first commit"
[main (root-commit) a4c3be9] first commit
 1 file changed, 1 insertion(+)
 create mode 100644 hello_world.txt

PS C:\Users\yunan\kadai\git_challenge> git status
On branch main
nothing to commit, working tree clean



PS C:\Users\yunan\kadai\git_challenge> git commit -m "second commit"
[main c0df65e] second commit
 1 file changed, 1 insertion(+)

PS C:\Users\yunan\kadai\git_challenge> git status
On branch main
nothing to commit, working tree clean


PS C:\Users\yunan\kadai\git_challenge> git log
commit c0df65ed064f7f9528a75be4f6ad614cfc643677 (HEAD -> main)
Author: Anney <yunanoheya91@gmail.com>
Date:   Sat Oct 25 10:45:43 2025 +0900

    second commit

commit a4c3be96fa498bebfbb9eb325b90f148065561d5
Author: Anney <yunanoheya91@gmail.com>
Date:   Sat Oct 25 10:43:01 2025 +0900

    first commit

