
PS C:\Users\yunan> mkdir kadai


    ディレクトリ: C:\Users\yunan


Mode                 LastWriteTime         Length Name
----                 -------------         ------ ----
d-----        2025/10/25     17:24                kadai


PS C:\Users\yunan> cd kadai
PS C:\Users\yunan\kadai> git init git_challenge
Initialized empty Git repository in C:/Users/yunan/kadai/git_challenge/.git/
PS C:\Users\yunan\kadai> cd git_challenge
PS C:\Users\yunan\kadai\git_challenge> echo "Hello, world" >> hello_world.txt　
PS C:\Users\yunan\kadai\git_challenge> git add hello_world.txt
PS C:\Users\yunan\kadai\git_challenge> git commit -m "first commit"
[main (root-commit) 0a98bb8] first commit
 1 file changed, 0 insertions(+), 0 deletions(-)
 create mode 100644 hello_world.txt
PS C:\Users\yunan\kadai\git_challenge> git status
On branch main
nothing to commit, working tree clean
PS C:\Users\yunan\kadai\git_challenge> echo "こんにちは、世界！"　>> hello_world.txt
PS C:\Users\yunan\kadai\git_challenge> git add hello_world.txt
PS C:\Users\yunan\kadai\git_challenge> git commit -m "second commit"
[main 6524f58] second commit
 1 file changed, 0 insertions(+), 0 deletions(-)
PS C:\Users\yunan\kadai\git_challenge> git status
On branch main
nothing to commit, working tree clean
PS C:\Users\yunan\kadai\git_challenge> git log --oneline
6524f58 (HEAD -> main) second commit
0a98bb8 first commit

